FATAL [11,9]-[11,13]: Bad return value
FATAL [19,9]-[19,10]: Bad return value
FATAL [23,2]-[23,8]: Missing return value
FATAL [27,9]-[27,10]: Return with a value in void function
FATAL [37,3]-[37,7]: Attempt to call a non-function
FATAL [38,3]-[38,10]: Function call with wrong number of args
FATAL [39,5]-[39,9]: Type of actual does not match type of formal
Type Analysis Failed
