FATAL [11,9]-[11,13]: Bad return value
FATAL [19,9]-[19,10]: Bad return value
FATAL [23,2]-[23,8]: Missing return value
FATAL [27,9]-[27,10]: Return with a value in void function
FATAL [38,3]-[38,7]: Attempt to call a non-function
FATAL [39,3]-[39,10]: Function call with wrong number of args
FATAL [40,5]-[40,9]: Type of actual does not match type of formal
FATAL [42,3]-[42,14]: Invalid assignment operation
Type Analysis Failed
